../../../../../common/hw/mellanox-hca/hca_arch_db/cr_types.h
../../../../../common/hw/mellanox-hca/hca_arch_db/MT23108.h
../../../../../common/hw/mellanox-hca/hca_arch_db/MT23108_PRM_append.h
../../../../../common/hw/mellanox-hca/hca_arch_db/MT23108_PRM.h
../../../../../common/hw/mellanox-hca/hca_arch_db/tavor_dev_defs.h
../../../../../common/hw/mellanox-hca/hca_arch_db/tavor_if_defs.h
../../../../../common/hw/mellanox-hca/HCA/hcahal/hh_common.h
../../../../../common/hw/mellanox-hca/HCA/hcahal/hh.h
../../../../../common/hw/mellanox-hca/HCA/hcahal/hhul.h
../../../../../common/hw/mellanox-hca/HCA/verbs/common/vapi_common.h
../../../../../common/hw/mellanox-hca/HCA/verbs/common/vip_array.h
../../../../../common/hw/mellanox-hca/HCA/verbs/common/vip_cirq.h
../../../../../common/hw/mellanox-hca/HCA/verbs/common/vip_common.h
../../../../../common/hw/mellanox-hca/HCA/verbs/common/vip_delay_unlock.h
../../../../../common/hw/mellanox-hca/HCA/verbs/common/vip_hash64p.h
../../../../../common/hw/mellanox-hca/HCA/verbs/common/vip_hash.h
../../../../../common/hw/mellanox-hca/HCA/verbs/common/vip_hash.ih
../../../../../common/hw/mellanox-hca/HCA/verbs/common/vip_hashp2p.h
../../../../../common/hw/mellanox-hca/HCA/verbs/common/vip_hashp.h
../../../../../common/hw/mellanox-hca/HCA/verbs/evapi.h
../../../../../common/hw/mellanox-hca/HCA/verbs/vapi_features.h
../../../../../common/hw/mellanox-hca/HCA/verbs/vapi.h
../../../../../common/hw/mellanox-hca/HCA/verbs/vapi_types.h
../../../../../common/hw/mellanox-hca/HCA/vip/vip.h
../../../../../common/hw/mellanox-hca/mlxsys/mosal/mosal_gen.h
../../../../../common/hw/mellanox-hca/mlxsys/mosal/mosal.h
../../../../../common/hw/mellanox-hca/mlxsys/mosal/mosal_i2c.h
../../../../../common/hw/mellanox-hca/mlxsys/mosal/mosal_iobuf.h
../../../../../common/hw/mellanox-hca/mlxsys/mosal/mosal_k2u_cbk.h
../../../../../common/hw/mellanox-hca/mlxsys/mosal/mosal_k2u_cbk_priv.h
../../../../../common/hw/mellanox-hca/mlxsys/mosal/mosal_mem.h
../../../../../common/hw/mellanox-hca/mlxsys/mosal/mosal_mlock.h
../../../../../common/hw/mellanox-hca/mlxsys/mosal/mosal_prot_ctx.h
../../../../../common/hw/mellanox-hca/mlxsys/mosal/mosal_que.h
../../../../../common/hw/mellanox-hca/mlxsys/mosal/mosal_sync.h
../../../../../common/hw/mellanox-hca/mlxsys/mosal/mosal_thread.h
../../../../../common/hw/mellanox-hca/mlxsys/mosal/mosal_timer.h
../../../../../common/hw/mellanox-hca/mlxsys/mosal/mosalu_socket.h
../../../../../common/hw/mellanox-hca/mlxsys/mosal/os_dep/linux/mosal_i2c_imp.h
../../../../../common/hw/mellanox-hca/mlxsys/mosal/os_dep/linux/mosal_ioremap.h
../../../../../common/hw/mellanox-hca/mlxsys/mosal/os_dep/linux/mosal_driver.h
../../../../../common/hw/mellanox-hca/mlxsys/mosal/os_dep/linux/mosal_arch.h
../../../../../common/hw/mellanox-hca/mlxsys/mosal/os_dep/linux/mosal_bus.h
../../../../../common/hw/mellanox-hca/mlxsys/mosal/os_dep/linux/mosal_iobuf_imp.h
../../../../../common/hw/mellanox-hca/mlxsys/mosal/os_dep/linux/mosal_mem_imp.h
../../../../../common/hw/mellanox-hca/mlxsys/mosal/os_dep/linux/mosal_prot_ctx_imp.h
../../../../../common/hw/mellanox-hca/mlxsys/mosal/os_dep/linux/mosal_sync_imp.h
../../../../../common/hw/mellanox-hca/mlxsys/mosal/os_dep/linux/mosal_thread_imp.h
../../../../../common/hw/mellanox-hca/mlxsys/mosal/os_dep/linux/mosal_timer_imp.h
../../../../../common/hw/mellanox-hca/mlxsys/mosal/os_dep/linux/mosal_types.h
../../../../../common/hw/mellanox-hca/mlxsys/mosal/os_dep/linux/mosalu_socket_imp.h
../../../../../common/hw/mellanox-hca/mlxsys/mpga/ib_opcodes.h
../../../../../common/hw/mellanox-hca/mlxsys/mpga/internal_functions.h
../../../../../common/hw/mellanox-hca/mlxsys/mpga/mpga.h
../../../../../common/hw/mellanox-hca/mlxsys/mpga/MPGA_headers.h
../../../../../common/hw/mellanox-hca/mlxsys/mpga/nMPGA.h
../../../../../common/hw/mellanox-hca/mlxsys/mpga/nMPGA_packet_append.h
../../../../../common/hw/mellanox-hca/mlxsys/mpga/packet_append.h
../../../../../common/hw/mellanox-hca/mlxsys/mpga/packet_utilities.h
../../../../../common/hw/mellanox-hca/mlxsys/mpga/ud_pack_fmt.h
../../../../../common/hw/mellanox-hca/mlxsys/mtl_common/memtrack.h
../../../../../common/hw/mellanox-hca/mlxsys/mtl_common/mtl_common.h
../../../../../common/hw/mellanox-hca/mlxsys/mtl_common/mtl_log.h
../../../../../common/hw/mellanox-hca/mlxsys/mtl_types/bit_ops.h
../../../../../common/hw/mellanox-hca/mlxsys/mtl_types/ib_defs.h
../../../../../common/hw/mellanox-hca/mlxsys/mtl_types/mtl_errno.h
../../../../../common/hw/mellanox-hca/mlxsys/mtl_types/mtl_pci_types.h
../../../../../common/hw/mellanox-hca/mlxsys/mtl_types/mtl_types.h
../../../../../common/hw/mellanox-hca/mlxsys/tools/iniparser/src/dictionary.h
../../../../../common/hw/mellanox-hca/mlxsys/tools/iniparser/src/iniparser.h
../../../../../common/hw/mellanox-hca/mlxsys/tools/iniparser/src/strlib.h
../../../../../common/hw/mellanox-hca/mlxsys/tools/mt_bufpool.h
../../../../../common/hw/mellanox-hca/mlxsys/tools/mt_getopt.h
../../../../../common/hw/mellanox-hca/mlxsys/tools/mtperf.h
../../../../../common/hw/mellanox-hca/mlxsys/tools/mtui/progbar.h
