../../../../../common/hw/mellanox-hca/mlxsys/mosal/mosal_gen_nos.c
../../../../../common/hw/mellanox-hca/mlxsys/mosal/mosal_wrap.h
../../../../../common/hw/mellanox-hca/mlxsys/mosal/mosal_wrap_kernel.c
../../../../../common/hw/mellanox-hca/mlxsys/mosal/os_dep/linux/mosal_i2c.c
../../../../../common/hw/mellanox-hca/mlxsys/mosal/os_dep/linux/mosal_ioremap.c
../../../../../common/hw/mellanox-hca/mlxsys/mosal/os_dep/linux/mosal_syms.c
../../../../../common/hw/mellanox-hca/mlxsys/mosal/os_dep/linux/mosal_bus.c
../../../../../common/hw/mellanox-hca/mlxsys/mosal/os_dep/linux/mosal_driver.c
../../../../../common/hw/mellanox-hca/mlxsys/mosal/os_dep/linux/mosal_gen.c
../../../../../common/hw/mellanox-hca/mlxsys/mosal/os_dep/linux/mosal_gen_priv.h
../../../../../common/hw/mellanox-hca/mlxsys/mosal/os_dep/linux/mosal_iobuf.c
../../../../../common/hw/mellanox-hca/mlxsys/mosal/os_dep/linux/mosal_k2u_cbk.c
../../../../../common/hw/mellanox-hca/mlxsys/mosal/os_dep/linux/mosal_mem.c
../../../../../common/hw/mellanox-hca/mlxsys/mosal/os_dep/linux/mosal_mem_priv.h
../../../../../common/hw/mellanox-hca/mlxsys/mosal/os_dep/linux/mosal_mlock.c
../../../../../common/hw/mellanox-hca/mlxsys/mosal/os_dep/linux/mosal_mlock_priv.h
../../../../../common/hw/mellanox-hca/mlxsys/mosal/os_dep/linux/mosal_priv.h
../../../../../common/hw/mellanox-hca/mlxsys/mosal/os_dep/linux/mosal_que.c
../../../../../common/hw/mellanox-hca/mlxsys/mosal/os_dep/linux/mosal_que_priv.h
../../../../../common/hw/mellanox-hca/mlxsys/mosal/os_dep/linux/mosal_sync.c
../../../../../common/hw/mellanox-hca/mlxsys/mosal/os_dep/linux/mosal_sync_priv.h
../../../../../common/hw/mellanox-hca/mlxsys/mosal/os_dep/linux/mosal_thread.c
../../../../../common/hw/mellanox-hca/mlxsys/mosal/os_dep/linux/mosal_timer.c
../../../../../common/hw/mellanox-hca/mlxsys/mosal/os_dep/linux/mosal_timer_priv.h
../../../../../common/hw/mellanox-hca/mlxsys/mosal/os_dep/linux/mosal_wrap_imp.h
../../../../../common/hw/mellanox-hca/mlxsys/mtl_common/mtl_common.c
../../../../../common/hw/mellanox-hca/mlxsys/tools/mt_bufpool.c
