../../../../../common/hw/mellanox-hca/HCA/vip/cqm/cqm.c
../../../../../common/hw/mellanox-hca/HCA/vip/cqm/cqm.h
../../../../../common/hw/mellanox-hca/HCA/vip/devmm/devmm.c
../../../../../common/hw/mellanox-hca/HCA/vip/devmm/devmm.h
../../../../../common/hw/mellanox-hca/HCA/vip/em/em.c
../../../../../common/hw/mellanox-hca/HCA/vip/em/em.h
../../../../../common/hw/mellanox-hca/HCA/vip/em/vipkl_cqblk.c
../../../../../common/hw/mellanox-hca/HCA/vip/em/vipkl_cqblk.h
../../../../../common/hw/mellanox-hca/HCA/vip/em/vipkl_eq.c
../../../../../common/hw/mellanox-hca/HCA/vip/em/vipkl_eq.h
../../../../../common/hw/mellanox-hca/HCA/vip/hobkl/hobkl.c
../../../../../common/hw/mellanox-hca/HCA/vip/hobkl/hobkl.h
../../../../../common/hw/mellanox-hca/HCA/vip/mmu/mmu.c
../../../../../common/hw/mellanox-hca/HCA/vip/mmu/mmu_description.h
../../../../../common/hw/mellanox-hca/HCA/vip/mmu/mmu.h
../../../../../common/hw/mellanox-hca/HCA/vip/os_dep/linux/vipklsyms.c
../../../../../common/hw/mellanox-hca/HCA/vip/os_dep/linux/vipkl_mod_obj.c
../../../../../common/hw/mellanox-hca/HCA/vip/os_dep/linux/vipkl_sys.h
../../../../../common/hw/mellanox-hca/HCA/vip/pdm/pdm.c
../../../../../common/hw/mellanox-hca/HCA/vip/pdm/pdm.h
../../../../../common/hw/mellanox-hca/HCA/vip/qpm/qpm.c
../../../../../common/hw/mellanox-hca/HCA/vip/qpm/qpm.h
../../../../../common/hw/mellanox-hca/HCA/vip/qpm/qp_xition.h
../../../../../common/hw/mellanox-hca/HCA/vip/rsct/VIP_rsct.c
../../../../../common/hw/mellanox-hca/HCA/vip/rsct/VIP_rsct.h
../../../../../common/hw/mellanox-hca/HCA/vip/srqm/srqm.c
../../../../../common/hw/mellanox-hca/HCA/vip/srqm/srqm.h
../../../../../common/hw/mellanox-hca/HCA/vip/vipkl/vipkl.c
../../../../../common/hw/mellanox-hca/HCA/vip/vipkl/vipkl.h
../../../../../common/hw/mellanox-hca/HCA/vip/vipkl/vipkl_wrap.h
../../../../../common/hw/mellanox-hca/HCA/vip/vipkl/vipkl_wrap_kernel.c
../../../../../common/hw/mellanox-hca/mlxsys/tools/mt_bufpool.c
