../../../../../common/hw/mellanox-hca/HCA/hcahal/tavor/cmdif/cmdif.c
../../../../../common/hw/mellanox-hca/HCA/hcahal/tavor/cmdif/cmdif.h
../../../../../common/hw/mellanox-hca/HCA/hcahal/tavor/cmdif/cmdif_priv.h
../../../../../common/hw/mellanox-hca/HCA/hcahal/tavor/cmdif/cmds_wrap.c
../../../../../common/hw/mellanox-hca/HCA/hcahal/tavor/cmdif/cmd_types.h
../../../../../common/hw/mellanox-hca/HCA/hcahal/tavor/ddrmm/tddrmm.c
../../../../../common/hw/mellanox-hca/HCA/hcahal/tavor/ddrmm/tddrmm.h
../../../../../common/hw/mellanox-hca/HCA/hcahal/tavor/eventp/event_irqh.c
../../../../../common/hw/mellanox-hca/HCA/hcahal/tavor/eventp/eventp.c
../../../../../common/hw/mellanox-hca/HCA/hcahal/tavor/eventp/eventp.h
../../../../../common/hw/mellanox-hca/HCA/hcahal/tavor/eventp/eventp_priv.h
../../../../../common/hw/mellanox-hca/HCA/hcahal/tavor/mcgm/mcgm.c
../../../../../common/hw/mellanox-hca/HCA/hcahal/tavor/mcgm/mcgm.h
../../../../../common/hw/mellanox-hca/HCA/hcahal/tavor/mrwm/tmrwm.c
../../../../../common/hw/mellanox-hca/HCA/hcahal/tavor/mrwm/tmrwm.h
../../../../../common/hw/mellanox-hca/HCA/hcahal/tavor/os_dep/linux/card_defs.ic
../../../../../common/hw/mellanox-hca/HCA/hcahal/tavor/os_dep/linux/thhklsyms.c
../../../../../common/hw/mellanox-hca/HCA/hcahal/tavor/os_dep/linux/thh_mod_obj.c
../../../../../common/hw/mellanox-hca/HCA/hcahal/tavor/thh_common.h
../../../../../common/hw/mellanox-hca/HCA/hcahal/tavor/thh_cqm/tcqm.c
../../../../../common/hw/mellanox-hca/HCA/hcahal/tavor/thh_cqm/tcqm.h
../../../../../common/hw/mellanox-hca/HCA/hcahal/tavor/thh_default_profile.h
../../../../../common/hw/mellanox-hca/HCA/hcahal/tavor/thh.h
../../../../../common/hw/mellanox-hca/HCA/hcahal/tavor/thh_hob/thh_hob.c
../../../../../common/hw/mellanox-hca/HCA/hcahal/tavor/thh_hob/thh_hob.h
../../../../../common/hw/mellanox-hca/HCA/hcahal/tavor/thh_hob/thh_hob_priv.h
../../../../../common/hw/mellanox-hca/HCA/hcahal/tavor/thh_init.c
../../../../../common/hw/mellanox-hca/HCA/hcahal/tavor/thh_init.h
../../../../../common/hw/mellanox-hca/HCA/hcahal/tavor/thh_qpm/tqpm.c
../../../../../common/hw/mellanox-hca/HCA/hcahal/tavor/thh_qpm/tqpm.h
../../../../../common/hw/mellanox-hca/HCA/hcahal/tavor/thh_requested_profile.h
../../../../../common/hw/mellanox-hca/HCA/hcahal/tavor/thh_srqm/thh_srqm.c
../../../../../common/hw/mellanox-hca/HCA/hcahal/tavor/thh_srqm/thh_srqm.h
../../../../../common/hw/mellanox-hca/HCA/hcahal/tavor/thhul_cqm/thhul_cqm.h
../../../../../common/hw/mellanox-hca/HCA/hcahal/tavor/thhul.h
../../../../../common/hw/mellanox-hca/HCA/hcahal/tavor/thhul_hob/thhul_hob.h
../../../../../common/hw/mellanox-hca/HCA/hcahal/tavor/thhul_mwm/thhul_mwm.h
../../../../../common/hw/mellanox-hca/HCA/hcahal/tavor/thhul_pdm/thhul_pdm.h
../../../../../common/hw/mellanox-hca/HCA/hcahal/tavor/thhul_pdm/thhul_pdm_priv.h
../../../../../common/hw/mellanox-hca/HCA/hcahal/tavor/thhul_qpm/thhul_qpm.h
../../../../../common/hw/mellanox-hca/HCA/hcahal/tavor/thhul_srqm/thhul_srqm.h
../../../../../common/hw/mellanox-hca/HCA/hcahal/tavor/uar/uar.c
../../../../../common/hw/mellanox-hca/HCA/hcahal/tavor/uar/uar.h
../../../../../common/hw/mellanox-hca/HCA/hcahal/tavor/udavm/udavm.c
../../../../../common/hw/mellanox-hca/HCA/hcahal/tavor/udavm/udavm.h
../../../../../common/hw/mellanox-hca/HCA/hcahal/tavor/uldm/thh_uldm.c
../../../../../common/hw/mellanox-hca/HCA/hcahal/tavor/uldm/thh_uldm.h
../../../../../common/hw/mellanox-hca/HCA/hcahal/tavor/uldm/thh_uldm_priv.h
../../../../../common/hw/mellanox-hca/HCA/hcahal/tavor/util/epool.c
../../../../../common/hw/mellanox-hca/HCA/hcahal/tavor/util/epool.h
../../../../../common/hw/mellanox-hca/HCA/hcahal/tavor/util/extbuddy.c
../../../../../common/hw/mellanox-hca/HCA/hcahal/tavor/util/extbuddy.h
../../../../../common/hw/mellanox-hca/HCA/hcahal/tavor/util/sm_mad.c
../../../../../common/hw/mellanox-hca/HCA/hcahal/tavor/util/sm_mad.h
../../../../../common/hw/mellanox-hca/HCA/hcahal/tavor/util/tlog2.c
../../../../../common/hw/mellanox-hca/HCA/hcahal/tavor/util/tlog2.h
