../../../../../common/hw/mellanox-hca/HCA/hcahal/hh_common.c
../../../../../common/hw/mellanox-hca/HCA/hcahal/hhul.c
../../../../../common/hw/mellanox-hca/HCA/hcahal/hhulenosys.ic
../../../../../common/hw/mellanox-hca/HCA/hcahal/tavor/thhul_cqm/thhul_cqm.c
../../../../../common/hw/mellanox-hca/HCA/hcahal/tavor/thhul_hob/thhul_hob.c
../../../../../common/hw/mellanox-hca/HCA/hcahal/tavor/thhul_mwm/thhul_mwm.c
../../../../../common/hw/mellanox-hca/HCA/hcahal/tavor/thhul_pdm/thhul_pdm.c
../../../../../common/hw/mellanox-hca/HCA/hcahal/tavor/thhul_qpm/thhul_qpm.c
../../../../../common/hw/mellanox-hca/HCA/hcahal/tavor/thhul_srqm/thhul_srqm.c
../../../../../common/hw/mellanox-hca/HCA/hcahal/tavor/uar/uar.c
../../../../../common/hw/mellanox-hca/HCA/hcahal/tavor/udavm/udavm.c
../../../../../common/hw/mellanox-hca/HCA/hcahal/tavor/util/epool.c
../../../../../common/hw/mellanox-hca/HCA/hcahal/tavor/util/tlog2.c
../../../../../common/hw/mellanox-hca/HCA/vip/hobul/hobul.c
../../../../../common/hw/mellanox-hca/HCA/vip/hobul/hobul.h
../../../../../common/hw/mellanox-hca/HCA/vip/os_dep/linux/vapisyms.c
../../../../../common/hw/mellanox-hca/HCA/vip/vipul/vipul.c
